// .secrets.baseline
{
  "version": "1.4.0",
  "plugins_used": [
    {
      "name": "Base64HighEntropyString",
      "limit": 4.5
    },
    {
      "name": "HexHighEntropyString",
      "limit": 3.0
    },
    {
      "name": "PrivateKeyDetector"
    },
    {
      "name": "AWSKeyDetector"
    },
    {
      "name": "JwtTokenDetector"
    },
    {
      "name": "KeywordDetector",
      "keyword_exclude": ""
    }
  ],
  "filters_used": [
    {
      "path": "detect_secrets.filters.allowlist.is_line_allowlisted"
    },
    {
      "path": "detect_secrets.filters.common.is_baseline_file"
    },
    {
      "path": "detect_secrets.filters.common.is_ignored_due_to_verification_policies",
      "min_level": 2
    },
    {
      "path": "detect_secrets.filters.heuristic.is_likely_id_string"
    },
    {
      "path": "detect_secrets.filters.heuristic.is_potential_uuid"
    },
    {
      "path": "detect_secrets.filters.heuristic.is_templated_secret"
    },
    {
      "path": "detect_secrets.filters.regex.should_exclude_file",
      "pattern": [
        "package-lock.json",
        "yarn.lock",
        "pnpm-lock.yaml",
        ".secrets.baseline",
        ".*\\.test\\..*",
        ".*\\.spec\\..*",
        "coverage/.*",
        "node_modules/.*"
      ]
    }
  ],
  "results": {
    "config/.env.example": [
      {
        "type": "Secret Keyword",
        "filename": "config/.env.example",
        "hashed_secret": "DEVELOPMENT_PLACEHOLDER_DO_NOT_USE_IN_PRODUCTION",
        "is_verified": false,
        "line_number": 1,
        "is_secret": false
      }
    ]
  },
  "generated_at": "2024-01-01T00:00:00Z"
}